
 Program  MARK  - Survival Rate Estimation with Capture-Recapture Data
 gfortran(dble/PIM2) Vers. 11.2 Nov 2025  29-Sep-2026 14:03:45    Page  001
  
 - - - - - - - - - - - - - - - - - - - - - - - - - - - - - - - - - - - - - -
 
 Welcome to MARK henry on machine LAPTOP-NBJ62L9J in subdirectory
   "C:\Users\henry\Desktop\WILD8390" running file "mark001.inp".
 This version was compiled by GCC version 15.2.0 using the options: 
  -cpp -iprefix C:/tdm-gcc-64/mingw64-15-2/bin/../lib/gcc/
  x86_64-w64-mingw32/15.2.0/ -D_MT -D_REENTRANT -U_REENTRANT -D
  dbleprecision -m64 -march=x86-64 -mtune=generic -mthreads -O3 -std=f2023
  -fimplicit-none -ffpe-summary=invalid,zero,overflow,underflow
  -funroll-loops -fno-unsafe-math-optimizations -frounding-math
  -fsignaling-nans -fprefetch-loop-arrays -fall-intrinsics -fopenmp

 This problem will use 7 of 8 possible threads.
 Static thread allocation is used.
 INPUT --- proc title ;

 For procedure title CPU Time was 0.001 secs and System Time was 0.001 secs.
 INPUT --- proc chmatrix occasions= 4 groups= 1 etype= Closed Nodes= 
 INPUT --- 101 ICMeans NoHist hist= 9  ;
 INPUT ---    time interval 1 1 1 ;
 INPUT ---    glabel(1)=Group 1;

      Number of unique encounter histories read was 9.

      Number of individual covariates read was 0.
      Time interval lengths are all equal to 1.

      Data type number is 5
      Data type is Full Likelihhood p and c

 For procedure chmatrix CPU Time was 0.001 secs and System Time was 0.001 secs.

Program  MARK  - Survival Rate Estimation with Capture-Recapture Data
 gfortran(dble/PIM2) Vers. 11.2 Nov 2025  29-Sep-2026 14:03:45    Page  002
 - - - - - - - - - - - - - - - - - - - - - - - - - - - - - - - - - - - - - -
 


 INPUT --- proc estimate link=Parm-Specific NOLOOP varest=2ndPart    ;
 INPUT --- model={ p(~1)c()f0(~1) };
 INPUT ---    group=1 p    rows=1 cols=4 Square ;
 INPUT ---        1 1 1 1 ;
 INPUT ---    group=1 c    rows=1 cols=3 Square ;
 INPUT ---        1 1 1 ;
 INPUT ---    group=1 f0    rows=1 cols=1 Square ;
 INPUT ---        2 ;
 INPUT ---    design matrix constraints=2 covariates=2 identity;
 INPUT ---    links=2;
 INPUT ---       Logit;
 INPUT ---       Log;
 INPUT ---       blabel(1)=p:(Intercept);
 INPUT ---       blabel(2)=f0:(Intercept);
 INPUT ---       rlabel(1)=p g1 t1;
 INPUT ---       rlabel(2)=f0 g1 a0 t1;
   Model is { p(~1)c()f0(~1) }

 Link Function Used is PARM-SPECIFIC

 Variance Estimation Procedure Used is 2ndPart 

 M(t+1):
      50


 -2logL(saturated) = -99.588571    
 Effective Sample Size = 200

 Number of function evaluations was 10 for 2 parameters.
 For numerical optimization, CPU Time was 0.001 secs and System Time was 0.001 secs.
 -2logL { p(~1)c()f0(~1) } = -69.778473    
 Penalty { p(~1)c()f0(~1) } = 0.0000000     
 Gradient { p(~1)c()f0(~1) }:
  3.16841E-06   0.0000    
 Maximum ABS(G) { p(~1)c()f0(~1) } =  3.16841E-06
 To compute VC matrix, CPU Time was 0.001 secs and System Time was 0.001 secs.
 S Vector { p(~1)c()f0(~1) }:
   69.42287      4.660845    
 To invert VC matrix, CPU Time was 0.001 secs and System Time was 0.001 secs.
 Gap Method for Num. of Estimated Parameters { p(~1)c()f0(~1) } = 2          
 Threshold { p(~1)c()f0(~1) } = 0.6336819E-05           
 Numerical Threshold Method for Num. of Estimated Parameters { p(~1)c()f0(~1) } = 2          
 Number of Estimated Parameters { p(~1)c()f0(~1) } = 2          
 DEVIANCE { p(~1)c()f0(~1) } = 29.810098               
 DEVIANCE Degrees of Freedom { p(~1)c()f0(~1) } = 7          
 c-hat { p(~1)c()f0(~1) } = 4.2585854               

Program  MARK  - Survival Rate Estimation with Capture-Recapture Data
 gfortran(dble/PIM2) Vers. 11.2 Nov 2025  29-Sep-2026 14:03:45    Page  003
 - - - - - - - - - - - - - - - - - - - - - - - - - - - - - - - - - - - - - -
 
 AIC { p(~1)c()f0(~1) } = -65.778473              
 AICc { p(~1)c()f0(~1) } = -65.717559              
 BIC { p(~1)c()f0(~1) } = -59.181838              
 Pearson Chisquare { p(~1)c()f0(~1) } = 79.802559               
 Possible Encounter Histories { p(~1)c()f0(~1) } = 15          
 Pearson Chisquare df { p(~1)c()f0(~1) } = 12          
 Pearson chat { p(~1)c()f0(~1) } = 6.6502132               
 Sum(Observed/Expected) { p(~1)c()f0(~1) } = 25.718311               
 s-bar { p(~1)c()f0(~1) } = 0.7655936               
 Fletcher chat { p(~1)c()f0(~1) } = 3.7665594               


               PARM-SPECIFIC Link Function Parameters of { p(~1)c()f0(~1) }
                                                              95% Confidence Interval
    Parameter                  Beta         Standard Error     Lower           Upper
 -------------------------  --------------  --------------  --------------  --------------
    1:p:(Intercept)         -1.4079571       0.2501849      -1.8983195      -0.9175946    
    2:f0:(Intercept)         3.5615356       0.4078791       2.7620926       4.3609787    


                      Real Function Parameters of { p(~1)c()f0(~1) }
                                                               95% Confidence Interval
     Parameter                Estimate       Standard Error     Lower           Upper
 --------------------------  --------------  --------------  --------------  --------------
     1:p g1 t1                0.1965565       0.0395097       0.1302988       0.2854483       
     2:f0 g1 a0 t1            35.217236       14.364375       16.324138       75.976678       


                     Estimates of Derived Parameters

                Population Estimates of { p(~1)c()f0(~1) }
                                                95% Confidence Interval
 Grp. Sess.     N-hat        Standard Error      Lower           Upper
 ---- -----  --------------  --------------  --------------  --------------
   1     1    85.217236       14.364375       66.324138       125.97668    

 To compute parameter estimates, CPU Time was 0.001 secs and System Time was 0.015 secs.

 For procedure estimate CPU Time was 0.016 secs and System Time was 0.031 secs.

Program  MARK  - Survival Rate Estimation with Capture-Recapture Data
 gfortran(dble/PIM2) Vers. 11.2 Nov 2025  29-Sep-2026 14:03:45    Page  004
 - - - - - - - - - - - - - - - - - - - - - - - - - - - - - - - - - - - - - -
 


 INPUT --- proc stop;

 For this job, CPU Time in mins was 0.001 and System Time in mins was 0.001.

     Time Start = 14:03:45.370   Time End = 14:03:45.429

 Wall Clock Time in mins for this job was 0.001.

 Maximum of 19 words used.


          E X E C U T I O N   S U C C E S S F U L
