
 Program  MARK  - Survival Rate Estimation with Capture-Recapture Data
 gfortran(dble/PIM2) Vers. 11.2 Nov 2025   1-Oct-2026 13:19:24    Page  001
  
 - - - - - - - - - - - - - - - - - - - - - - - - - - - - - - - - - - - - - -
 
 Welcome to MARK henry on machine LAPTOP-NBJ62L9J in subdirectory
   "C:\Users\henry\Desktop\WILD8390\Homework\HW07" running file "mark007.inp".
 This version was compiled by GCC version 15.2.0 using the options: 
  -cpp -iprefix C:/tdm-gcc-64/mingw64-15-2/bin/../lib/gcc/
  x86_64-w64-mingw32/15.2.0/ -D_MT -D_REENTRANT -U_REENTRANT -D
  dbleprecision -m64 -march=x86-64 -mtune=generic -mthreads -O3 -std=f2023
  -fimplicit-none -ffpe-summary=invalid,zero,overflow,underflow
  -funroll-loops -fno-unsafe-math-optimizations -frounding-math
  -fsignaling-nans -fprefetch-loop-arrays -fall-intrinsics -fopenmp

 This problem will use 7 of 8 possible threads.
 Static thread allocation is used.
 INPUT --- proc title ;

 For procedure title CPU Time was 0.001 secs and System Time was 0.001 secs.
 INPUT --- proc chmatrix occasions= 4 groups= 1 etype= Closed Nodes= 
 INPUT --- 101 ICMeans NoHist hist= 11  ;
 INPUT ---    time interval 1 1 1 ;
 INPUT ---    glabel(1)=Group 1;

      Number of unique encounter histories read was 11.

      Number of individual covariates read was 0.
      Time interval lengths are all equal to 1.

      Data type number is 5
      Data type is Full Likelihhood p and c

 For procedure chmatrix CPU Time was 0.001 secs and System Time was 0.001 secs.

Program  MARK  - Survival Rate Estimation with Capture-Recapture Data
 gfortran(dble/PIM2) Vers. 11.2 Nov 2025   1-Oct-2026 13:19:24    Page  002
 - - - - - - - - - - - - - - - - - - - - - - - - - - - - - - - - - - - - - -
 


 INPUT --- proc estimate link=Parm-Specific NOLOOP varest=2ndPart    ;
 INPUT --- model={ p(~time)c()f0(~1) };
 INPUT ---    group=1 p    rows=1 cols=4 Square ;
 INPUT ---        1 2 3 4 ;
 INPUT ---    group=1 c    rows=1 cols=3 Square ;
 INPUT ---        2 3 4 ;
 INPUT ---    group=1 f0    rows=1 cols=1 Square ;
 INPUT ---        5 ;
 INPUT ---    design matrix constraints=5 covariates=5;
 INPUT ---        1 0 0 0 0;
 INPUT ---        1 1 0 0 0;
 INPUT ---        1 0 1 0 0;
 INPUT ---        1 0 0 1 0;
 INPUT ---        0 0 0 0 1;
 INPUT ---    links=5;
 INPUT ---       Logit;
 INPUT ---       Logit;
 INPUT ---       Logit;
 INPUT ---       Logit;
 INPUT ---       Log;
 INPUT ---       blabel(1)=p:(Intercept);
 INPUT ---       blabel(2)=p:time2;
 INPUT ---       blabel(3)=p:time3;
 INPUT ---       blabel(4)=p:time4;
 INPUT ---       blabel(5)=f0:(Intercept);
 INPUT ---       rlabel(1)=p g1 t1;
 INPUT ---       rlabel(2)=p g1 t2;
 INPUT ---       rlabel(3)=p g1 t3;
 INPUT ---       rlabel(4)=p g1 t4;
 INPUT ---       rlabel(5)=f0 g1 a0 t1;
   Model is { p(~time)c()f0(~1) }

 Link Function Used is PARM-SPECIFIC

 Variance Estimation Procedure Used is 2ndPart 

 M(t+1):
     163


 -2logL(saturated) = -744.17291    
 Effective Sample Size = 652

 Number of function evaluations was 20 for 5 parameters.
 For numerical optimization, CPU Time was 0.016 secs and System Time was 0.016 secs.
 -2logL { p(~time)c()f0(~1) } = -720.81471    
 Penalty { p(~time)c()f0(~1) } = 0.0000000     

Program  MARK  - Survival Rate Estimation with Capture-Recapture Data
 gfortran(dble/PIM2) Vers. 11.2 Nov 2025   1-Oct-2026 13:19:24    Page  003
 - - - - - - - - - - - - - - - - - - - - - - - - - - - - - - - - - - - - - -
 
 Gradient { p(~time)c()f0(~1) }:
   0.0000       0.0000       0.0000     -2.82994E-05 -4.74776E-06
 Maximum ABS(G) { p(~time)c()f0(~1) } =  2.82994E-05
 To compute VC matrix, CPU Time was 0.001 secs and System Time was 0.001 secs.
 S Vector { p(~time)c()f0(~1) }:
   273.8128      39.93381      29.22408      15.80425      8.454226    
 To invert VC matrix, CPU Time was 0.001 secs and System Time was 0.001 secs.
 Ratio Threshold = 50.00 Max Gap (1/2) = 6.857 Next Max Gap (1/2) = 6.857
 Gap Method for Num. of Estimated Parameters { p(~time)c()f0(~1) } = 5          
 Threshold { p(~time)c()f0(~1) } = 0.5659883E-04           
 Numerical Threshold Method for Num. of Estimated Parameters { p(~time)c()f0(~1) } = 5          
 Number of Estimated Parameters { p(~time)c()f0(~1) } = 5          
 DEVIANCE { p(~time)c()f0(~1) } = 23.358200               
 DEVIANCE Degrees of Freedom { p(~time)c()f0(~1) } = 6          
 c-hat { p(~time)c()f0(~1) } = 3.8930333               
 AIC { p(~time)c()f0(~1) } = -710.81471              
 AICc { p(~time)c()f0(~1) } = -710.72183              
 BIC { p(~time)c()f0(~1) } = -688.41449              
 Pearson Chisquare { p(~time)c()f0(~1) } = 263.33369               
 Possible Encounter Histories { p(~time)c()f0(~1) } = 15          
 Pearson Chisquare df { p(~time)c()f0(~1) } = 9          
 Pearson chat { p(~time)c()f0(~1) } = 29.259298               
 Sum(Observed/Expected) { p(~time)c()f0(~1) } = 34.696243               
 s-bar { p(~time)c()f0(~1) } = 1.4068745               
 Fletcher chat { p(~time)c()f0(~1) } = 12.156553               


             PARM-SPECIFIC Link Function Parameters of { p(~time)c()f0(~1) }
                                                              95% Confidence Interval
    Parameter                  Beta         Standard Error     Lower           Upper
 -------------------------  --------------  --------------  --------------  --------------
    1:p:(Intercept)         -1.4044558       0.2164136      -1.8286264      -0.9802852    
    2:p:time2               -0.8234195       0.2137799      -1.2424281      -0.4044109    
    3:p:time3               -0.4692523       0.1962808      -0.8539627      -0.0845420    
    4:p:time4               -1.1567638       0.2349615      -1.6172884      -0.6962392    
    5:f0:(Intercept)         5.4277866       0.2412474       4.9549416       5.9006316    

Program  MARK  - Survival Rate Estimation with Capture-Recapture Data
 gfortran(dble/PIM2) Vers. 11.2 Nov 2025   1-Oct-2026 13:19:24    Page  004
 - - - - - - - - - - - - - - - - - - - - - - - - - - - - - - - - - - - - - -
 
                    Real Function Parameters of { p(~time)c()f0(~1) }
                                                               95% Confidence Interval
     Parameter                Estimate       Standard Error     Lower           Upper
 --------------------------  --------------  --------------  --------------  --------------
     1:p g1 t1                0.1971100       0.0342491       0.1384020       0.2728352       
     2:p g1 t2                0.0972751       0.0202930       0.0641147       0.1449302       
     3:p g1 t3                0.1331132       0.0254086       0.0906866       0.1912147       
     4:p g1 t4                0.0716764       0.0164884       0.0453510       0.1114982       
     5:f0 g1 a0 t1            227.64483       54.918730       142.82396       362.83944       


                     Estimates of Derived Parameters

              Population Estimates of { p(~time)c()f0(~1) }
                                                95% Confidence Interval
 Grp. Sess.     N-hat        Standard Error      Lower           Upper
 ---- -----  --------------  --------------  --------------  --------------
   1     1    390.64483       54.918730       305.82396       525.83944    

 To compute parameter estimates, CPU Time was 0.001 secs and System Time was 0.001 secs.

 For procedure estimate CPU Time was 0.016 secs and System Time was 0.016 secs.

Program  MARK  - Survival Rate Estimation with Capture-Recapture Data
 gfortran(dble/PIM2) Vers. 11.2 Nov 2025   1-Oct-2026 13:19:24    Page  005
 - - - - - - - - - - - - - - - - - - - - - - - - - - - - - - - - - - - - - -
 


 INPUT --- proc stop;

 For this job, CPU Time in mins was 0.001 and System Time in mins was 0.001.

     Time Start = 13:19:24.181   Time End = 13:19:24.230

 Wall Clock Time in mins for this job was 0.001.

 Maximum of 19 words used.


          E X E C U T I O N   S U C C E S S F U L
