
 Program  MARK  - Survival Rate Estimation with Capture-Recapture Data
 gfortran(dble/PIM2) Vers. 11.2 Nov 2025   2-Oct-2026 14:21:03    Page  001
  
 - - - - - - - - - - - - - - - - - - - - - - - - - - - - - - - - - - - - - -
 
 Welcome to MARK het11835 on machine OSE-LUNN3 in subdirectory
   "C:\Users\het11835\Documents\WILD8390\Homework\HW07" running file "mark034.inp".
 This version was compiled by GCC version 15.2.0 on Aug 29 2026 at 10:46:46
 using the options: 
  -cpp -iprefix C:/tdm-gcc-64/mingw64-15-2/bin/../lib/gcc/
  x86_64-w64-mingw32/15.2.0/ -D_MT -D_REENTRANT -U_REENTRANT -D
  dbleprecision -m64 -march=x86-64-v3 -mtune=generic -mthreads -O3
  -std=f2023 -fbounds-check -fimplicit-none
  -ffpe-summary=invalid,zero,overflow,underflow
  -fno-unsafe-math-optimizations -fopenmp-simd -fstack-arrays -flto=auto
  -fall-intrinsics -fopenmp

 This problem will use 7 of 8 possible threads.
 Static thread allocation is used.
 INPUT --- proc title ;

 For procedure title CPU Time was 0.001 secs and System Time was 0.001 secs.
 INPUT --- proc chmatrix occasions= 4 groups= 1 etype= Closed Nodes= 
 INPUT --- 101 ICMeans NoHist hist= 11  ;
 INPUT ---    time interval 1 1 1 ;
 INPUT ---    glabel(1)=Group 1;

      Number of unique encounter histories read was 11.

      Number of individual covariates read was 0.
      Time interval lengths are all equal to 1.

      Data type number is 5
      Data type is Full Likelihhood p and c

 For procedure chmatrix CPU Time was 0.001 secs and System Time was 0.001 secs.

Program  MARK  - Survival Rate Estimation with Capture-Recapture Data
 gfortran(dble/PIM2) Vers. 11.2 Nov 2025   2-Oct-2026 14:21:03    Page  002
 - - - - - - - - - - - - - - - - - - - - - - - - - - - - - - - - - - - - - -
 


 INPUT --- proc estimate link=Parm-Specific NOLOOP varest=2ndPart    ;
 INPUT --- model={ p(~1)c()f0(~1) };
 INPUT ---    group=1 p    rows=1 cols=4 Square ;
 INPUT ---        1 1 1 1 ;
 INPUT ---    group=1 c    rows=1 cols=3 Square ;
 INPUT ---        1 1 1 ;
 INPUT ---    group=1 f0    rows=1 cols=1 Square ;
 INPUT ---        2 ;
 INPUT ---    design matrix constraints=2 covariates=2 identity;
 INPUT ---    links=2;
 INPUT ---       Logit;
 INPUT ---       Log;
 INPUT ---       blabel(1)=p:(Intercept);
 INPUT ---       blabel(2)=f0:(Intercept);
 INPUT ---       rlabel(1)=p g1 t1;
 INPUT ---       rlabel(2)=f0 g1 a0 t1;
   Model is { p(~1)c()f0(~1) }

 Link Function Used is Parm-specific

 Variance Estimation Procedure Used is 2ndPart 

 M(t+1):
     163


 -2logL(saturated) = -744.17291    
 Effective Sample Size = 652

 Number of function evaluations was 11 for 2 parameters.
 For numerical optimization, CPU Time was 0.016 secs and System Time was 0.001 secs.
 -2logL { p(~1)c()f0(~1) } = -689.79557    
 Penalty { p(~1)c()f0(~1) } = 0.0000000     
 Gradient { p(~1)c()f0(~1) }:
  1.01752E-05  9.38420E-06
 Maximum ABS(G) { p(~1)c()f0(~1) } =  1.01752E-05
 To compute VC matrix, CPU Time was 0.001 secs and System Time was 0.001 secs.
 S Vector { p(~1)c()f0(~1) }:
   257.6408      11.76798    
 To invert VC matrix, CPU Time was 0.001 secs and System Time was 0.001 secs.
 Gap Method for Num. of Estimated Parameters { p(~1)c()f0(~1) } = 2          
 Threshold { p(~1)c()f0(~1) } = 0.2035044E-04           
 Numerical Threshold Method for Num. of Estimated Parameters { p(~1)c()f0(~1) } = 2          
 Number of Estimated Parameters { p(~1)c()f0(~1) } = 2          
 DEVIANCE { p(~1)c()f0(~1) } = 54.377338               
 DEVIANCE Degrees of Freedom { p(~1)c()f0(~1) } = 9          
 c-hat { p(~1)c()f0(~1) } = 6.0419264               

Program  MARK  - Survival Rate Estimation with Capture-Recapture Data
 gfortran(dble/PIM2) Vers. 11.2 Nov 2025   2-Oct-2026 14:21:03    Page  003
 - - - - - - - - - - - - - - - - - - - - - - - - - - - - - - - - - - - - - -
 
 AIC { p(~1)c()f0(~1) } = -685.79557              
 AICc { p(~1)c()f0(~1) } = -685.77708              
 BIC { p(~1)c()f0(~1) } = -676.83549              
 Pearson Chisquare { p(~1)c()f0(~1) } = 362.33503               
 Possible Encounter Histories { p(~1)c()f0(~1) } = 15          
 Pearson Chisquare df { p(~1)c()f0(~1) } = 12          
 Pearson chat { p(~1)c()f0(~1) } = 30.194586               
 Sum(Observed/Expected) { p(~1)c()f0(~1) } = 39.920158               
 s-bar { p(~1)c()f0(~1) } = 1.7800113               
 Fletcher chat { p(~1)c()f0(~1) } = 10.861318               


               Parm-specific Link Function Parameters of { p(~1)c()f0(~1) }
                                                              95% Confidence Interval
    Parameter                  Beta         Standard Error     Lower           Upper
 -------------------------  --------------  --------------  --------------  --------------
    1:p:(Intercept)         -1.9992061       0.1794822      -2.3509912      -1.6474209    
    2:f0:(Intercept)         5.5040324       0.2379997       5.0375529       5.9705119    


                      Real Function Parameters of { p(~1)c()f0(~1) }
                                                               95% Confidence Interval
     Parameter                Estimate       Standard Error     Lower           Upper
 --------------------------  --------------  --------------  --------------  --------------
     1:p g1 t1                0.1192863       0.0188559       0.0869870       0.1614578             
     2:f0 g1 a0 t1            245.68061       58.471920       155.08346       389.20310             


                     Estimates of Derived Parameters

                Population Estimates of { p(~1)c()f0(~1) }
                                                95% Confidence Interval
 Grp. Sess.     N-hat        Standard Error      Lower           Upper
 ---- -----  --------------  --------------  --------------  --------------
   1     1    408.68061       58.471920       318.08346       552.20310    

 To compute parameter estimates, CPU Time was 0.001 secs and System Time was 0.015 secs.

 For procedure estimate CPU Time was 0.047 secs and System Time was 0.062 secs.

Program  MARK  - Survival Rate Estimation with Capture-Recapture Data
 gfortran(dble/PIM2) Vers. 11.2 Nov 2025   2-Oct-2026 14:21:03    Page  004
 - - - - - - - - - - - - - - - - - - - - - - - - - - - - - - - - - - - - - -
 


 INPUT --- proc stop;

 For this job, CPU Time in mins was 0.001 and System Time in mins was 0.001.

     Time Start = 14:21:03.374   Time End = 14:21:03.454

 Wall Clock Time in mins for this job was 0.001.

 Maximum of 19 words used.


          E X E C U T I O N   S U C C E S S F U L
