
 Program  MARK  - Survival Rate Estimation with Capture-Recapture Data
 gfortran(dble/PIM2) Vers. 11.2 Nov 2025   2-Oct-2026 14:21:03    Page  001
  
 - - - - - - - - - - - - - - - - - - - - - - - - - - - - - - - - - - - - - -
 
 Welcome to MARK het11835 on machine OSE-LUNN3 in subdirectory
   "C:\Users\het11835\Documents\WILD8390\Homework\HW07" running file "mark035.inp".
 This version was compiled by GCC version 15.2.0 on Aug 29 2026 at 10:46:46
 using the options: 
  -cpp -iprefix C:/tdm-gcc-64/mingw64-15-2/bin/../lib/gcc/
  x86_64-w64-mingw32/15.2.0/ -D_MT -D_REENTRANT -U_REENTRANT -D
  dbleprecision -m64 -march=x86-64-v3 -mtune=generic -mthreads -O3
  -std=f2023 -fbounds-check -fimplicit-none
  -ffpe-summary=invalid,zero,overflow,underflow
  -fno-unsafe-math-optimizations -fopenmp-simd -fstack-arrays -flto=auto
  -fall-intrinsics -fopenmp

 This problem will use 7 of 8 possible threads.
 Static thread allocation is used.
 INPUT --- proc title ;

 For procedure title CPU Time was 0.001 secs and System Time was 0.001 secs.
 INPUT --- proc chmatrix occasions= 4 groups= 1 etype= Closed Nodes= 
 INPUT --- 101 ICMeans NoHist hist= 11  ;
 INPUT ---    time interval 1 1 1 ;
 INPUT ---    glabel(1)=Group 1;

      Number of unique encounter histories read was 11.

      Number of individual covariates read was 0.
      Time interval lengths are all equal to 1.

      Data type number is 5
      Data type is Full Likelihhood p and c

 For procedure chmatrix CPU Time was 0.001 secs and System Time was 0.001 secs.

Program  MARK  - Survival Rate Estimation with Capture-Recapture Data
 gfortran(dble/PIM2) Vers. 11.2 Nov 2025   2-Oct-2026 14:21:03    Page  002
 - - - - - - - - - - - - - - - - - - - - - - - - - - - - - - - - - - - - - -
 


 INPUT --- proc estimate link=Parm-Specific NOLOOP varest=2ndPart    ;
 INPUT --- model={ p(~time)c()f0(~1) };
 INPUT ---    group=1 p    rows=1 cols=4 Square ;
 INPUT ---        1 2 3 4 ;
 INPUT ---    group=1 c    rows=1 cols=3 Square ;
 INPUT ---        2 3 4 ;
 INPUT ---    group=1 f0    rows=1 cols=1 Square ;
 INPUT ---        5 ;
 INPUT ---    design matrix constraints=5 covariates=5;
 INPUT ---        1 0 0 0 0;
 INPUT ---        1 1 0 0 0;
 INPUT ---        1 0 1 0 0;
 INPUT ---        1 0 0 1 0;
 INPUT ---        0 0 0 0 1;
 INPUT ---    links=5;
 INPUT ---       Logit;
 INPUT ---       Logit;
 INPUT ---       Logit;
 INPUT ---       Logit;
 INPUT ---       Log;
 INPUT ---       blabel(1)=p:(Intercept);
 INPUT ---       blabel(2)=p:time2;
 INPUT ---       blabel(3)=p:time3;
 INPUT ---       blabel(4)=p:time4;
 INPUT ---       blabel(5)=f0:(Intercept);
 INPUT ---       rlabel(1)=p g1 t1;
 INPUT ---       rlabel(2)=p g1 t2;
 INPUT ---       rlabel(3)=p g1 t3;
 INPUT ---       rlabel(4)=p g1 t4;
 INPUT ---       rlabel(5)=f0 g1 a0 t1;
   Model is { p(~time)c()f0(~1) }

 Link Function Used is Parm-specific

 Variance Estimation Procedure Used is 2ndPart 

 M(t+1):
     163


 -2logL(saturated) = -744.17291    
 Effective Sample Size = 652

 Number of function evaluations was 21 for 5 parameters.
 For numerical optimization, CPU Time was 0.047 secs and System Time was 0.015 secs.
 -2logL { p(~time)c()f0(~1) } = -720.81471    
 Penalty { p(~time)c()f0(~1) } = 0.0000000     

Program  MARK  - Survival Rate Estimation with Capture-Recapture Data
 gfortran(dble/PIM2) Vers. 11.2 Nov 2025   2-Oct-2026 14:21:03    Page  003
 - - - - - - - - - - - - - - - - - - - - - - - - - - - - - - - - - - - - - -
 
 Gradient { p(~time)c()f0(~1) }:
  1.26921E-05   0.0000      2.07708E-05   0.0000      1.42433E-05
 Maximum ABS(G) { p(~time)c()f0(~1) } =  2.07708E-05
 To compute VC matrix, CPU Time was 0.001 secs and System Time was 0.001 secs.
 S Vector { p(~time)c()f0(~1) }:
   273.8128      39.93383      29.22410      15.80426      8.454239    
 To invert VC matrix, CPU Time was 0.001 secs and System Time was 0.001 secs.
 Ratio Threshold = 50.00 Max Gap (1/2) = 6.857 Next Max Gap (1/2) = 6.857
 Gap Method for Num. of Estimated Parameters { p(~time)c()f0(~1) } = 5          
 Threshold { p(~time)c()f0(~1) } = 0.4154164E-04           
 Numerical Threshold Method for Num. of Estimated Parameters { p(~time)c()f0(~1) } = 5          
 Number of Estimated Parameters { p(~time)c()f0(~1) } = 5          
 DEVIANCE { p(~time)c()f0(~1) } = 23.358200               
 DEVIANCE Degrees of Freedom { p(~time)c()f0(~1) } = 6          
 c-hat { p(~time)c()f0(~1) } = 3.8930333               
 AIC { p(~time)c()f0(~1) } = -710.81471              
 AICc { p(~time)c()f0(~1) } = -710.72183              
 BIC { p(~time)c()f0(~1) } = -688.41449              
 Pearson Chisquare { p(~time)c()f0(~1) } = 263.33369               
 Possible Encounter Histories { p(~time)c()f0(~1) } = 15          
 Pearson Chisquare df { p(~time)c()f0(~1) } = 9          
 Pearson chat { p(~time)c()f0(~1) } = 29.259299               
 Sum(Observed/Expected) { p(~time)c()f0(~1) } = 34.696243               
 s-bar { p(~time)c()f0(~1) } = 1.4068745               
 Fletcher chat { p(~time)c()f0(~1) } = 12.156554               


             Parm-specific Link Function Parameters of { p(~time)c()f0(~1) }
                                                              95% Confidence Interval
    Parameter                  Beta         Standard Error     Lower           Upper
 -------------------------  --------------  --------------  --------------  --------------
    1:p:(Intercept)         -1.4044558       0.2164134      -1.8286261      -0.9802855    
    2:p:time2               -0.8234195       0.2137798      -1.2424279      -0.4044111    
    3:p:time3               -0.4692523       0.1962807      -0.8539625      -0.0845422    
    4:p:time4               -1.1567636       0.2349614      -1.6172879      -0.6962392    
    5:f0:(Intercept)         5.4277867       0.2412474       4.9549418       5.9006315    

Program  MARK  - Survival Rate Estimation with Capture-Recapture Data
 gfortran(dble/PIM2) Vers. 11.2 Nov 2025   2-Oct-2026 14:21:03    Page  004
 - - - - - - - - - - - - - - - - - - - - - - - - - - - - - - - - - - - - - -
 
                    Real Function Parameters of { p(~time)c()f0(~1) }
                                                               95% Confidence Interval
     Parameter                Estimate       Standard Error     Lower           Upper
 --------------------------  --------------  --------------  --------------  --------------
     1:p g1 t1                0.1971100       0.0342491       0.1384020       0.2728351             
     2:p g1 t2                0.0972751       0.0202930       0.0641147       0.1449302             
     3:p g1 t3                0.1331132       0.0254086       0.0906866       0.1912147             
     4:p g1 t4                0.0716764       0.0164884       0.0453510       0.1114982             
     5:f0 g1 a0 t1            227.64483       54.918713       142.82399       362.83939             


                     Estimates of Derived Parameters

              Population Estimates of { p(~time)c()f0(~1) }
                                                95% Confidence Interval
 Grp. Sess.     N-hat        Standard Error      Lower           Upper
 ---- -----  --------------  --------------  --------------  --------------
   1     1    390.64483       54.918713       305.82399       525.83939    

 To compute parameter estimates, CPU Time was 0.016 secs and System Time was 0.001 secs.

 For procedure estimate CPU Time was 0.062 secs and System Time was 0.031 secs.

Program  MARK  - Survival Rate Estimation with Capture-Recapture Data
 gfortran(dble/PIM2) Vers. 11.2 Nov 2025   2-Oct-2026 14:21:03    Page  005
 - - - - - - - - - - - - - - - - - - - - - - - - - - - - - - - - - - - - - -
 


 INPUT --- proc stop;

 For this job, CPU Time in mins was 0.002 and System Time in mins was 0.002.

     Time Start = 14:21:03.815   Time End = 14:21:03.919

 Wall Clock Time in mins for this job was 0.001.

 Maximum of 19 words used.


          E X E C U T I O N   S U C C E S S F U L
