
 Program  MARK  - Survival Rate Estimation with Capture-Recapture Data
 gfortran(dble/PIM2) Vers. 11.2 Nov 2025   2-Oct-2026 14:25:26    Page  001
  
 - - - - - - - - - - - - - - - - - - - - - - - - - - - - - - - - - - - - - -
 
 Welcome to MARK het11835 on machine OSE-LUNN3 in subdirectory
   "C:\Users\het11835\Documents\WILD8390\Homework\HW07" running file "mark039.inp".
 This version was compiled by GCC version 15.2.0 on Aug 29 2026 at 10:46:46
 using the options: 
  -cpp -iprefix C:/tdm-gcc-64/mingw64-15-2/bin/../lib/gcc/
  x86_64-w64-mingw32/15.2.0/ -D_MT -D_REENTRANT -U_REENTRANT -D
  dbleprecision -m64 -march=x86-64-v3 -mtune=generic -mthreads -O3
  -std=f2023 -fbounds-check -fimplicit-none
  -ffpe-summary=invalid,zero,overflow,underflow
  -fno-unsafe-math-optimizations -fopenmp-simd -fstack-arrays -flto=auto
  -fall-intrinsics -fopenmp

 This problem will use 7 of 8 possible threads.
 Static thread allocation is used.
 INPUT --- proc title ;

 For procedure title CPU Time was 0.001 secs and System Time was 0.001 secs.
 INPUT --- proc chmatrix occasions= 4 groups= 1 etype= HetClosed 
 INPUT --- Nodes= 101 mixtures = 2 ICMeans  NoHist hist= 11 ;
 INPUT ---    time interval 1 1 1 ;
 INPUT ---    glabel(1)=Group 1;

      Number of unique encounter histories read was 11.

      Number of individual covariates read was 0.
      Time interval lengths are all equal to 1.

      Data type number is 22
      Data type is Full Likelihhood Heterogeneity pi and p

 For procedure chmatrix CPU Time was 0.001 secs and System Time was 0.001 secs.

Program  MARK  - Survival Rate Estimation with Capture-Recapture Data
 gfortran(dble/PIM2) Vers. 11.2 Nov 2025   2-Oct-2026 14:25:26    Page  002
 - - - - - - - - - - - - - - - - - - - - - - - - - - - - - - - - - - - - - -
 


 INPUT --- proc estimate link=Parm-Specific NOLOOP varest=2ndPart    ;
 INPUT --- model={ pi(~1)p(~mixture)f0(~1) };
 INPUT ---    group=1 pi    rows=1 cols=1 Square ;
 INPUT ---        1 ;
 INPUT ---    group=1 p    rows=2 cols=1 Square ;
 INPUT ---        2 ;
 INPUT ---        3 ;
 INPUT ---    group=1 f0    rows=1 cols=1 Square ;
 INPUT ---        4 ;
 INPUT ---    design matrix constraints=4 covariates=4;
 INPUT ---        1 0 0 0;
 INPUT ---        0 1 0 0;
 INPUT ---        0 1 1 0;
 INPUT ---        0 0 0 1;
 INPUT ---    links=4;
 INPUT ---       Logit;
 INPUT ---       Logit;
 INPUT ---       Logit;
 INPUT ---       Log;
 INPUT ---       blabel(1)=pi:(Intercept);
 INPUT ---       blabel(2)=p:(Intercept);
 INPUT ---       blabel(3)=p:mixture2;
 INPUT ---       blabel(4)=f0:(Intercept);
 INPUT ---       rlabel(1)=pi g1 m1;
 INPUT ---       rlabel(2)=p g1 t1 m1;
 INPUT ---       rlabel(3)=p g1 t1 m2;
 INPUT ---       rlabel(4)=f0 g1 a0 t1;
   Model is { pi(~1)p(~mixture)f0(~1) }

 Link Function Used is Parm-specific

 Variance Estimation Procedure Used is 2ndPart 

 M(t+1):
     163


 -2logL(saturated) = -744.17291    
 Effective Sample Size = 652

 Number of function evaluations was 45 for 4 parameters.
 For numerical optimization, CPU Time was 0.062 secs and System Time was 0.031 secs.
 -2logL { pi(~1)p(~mixture)f0(~1) } = -690.41250    
 Penalty { pi(~1)p(~mixture)f0(~1) } = 0.0000000     
 Gradient { pi(~1)p(~mixture)f0(~1) }:
  2.18766E-05  8.18951E-05  4.75267E-05  3.44742E-05
 Maximum ABS(G) { pi(~1)p(~mixture)f0(~1) } =  8.18951E-05

Program  MARK  - Survival Rate Estimation with Capture-Recapture Data
 gfortran(dble/PIM2) Vers. 11.2 Nov 2025   2-Oct-2026 14:25:26    Page  003
 - - - - - - - - - - - - - - - - - - - - - - - - - - - - - - - - - - - - - -
 
 To compute VC matrix, CPU Time was 0.001 secs and System Time was 0.016 secs.
 S Vector { pi(~1)p(~mixture)f0(~1) }:
   332.7277      14.39441     0.3224475     0.6934234E-01
 To invert VC matrix, CPU Time was 0.001 secs and System Time was 0.001 secs.
 Ratio Threshold = 50.00 Max Gap (2/3) = 44.64 Next Max Gap (1/2) = 23.12
 Gap Method for Num. of Estimated Parameters { pi(~1)p(~mixture)f0(~1) } = 4          
 Threshold { pi(~1)p(~mixture)f0(~1) } = 0.1637902E-03           
 Numerical Threshold Method for Num. of Estimated Parameters { pi(~1)p(~mixture)f0(~1) } = 4          
 Number of Estimated Parameters { pi(~1)p(~mixture)f0(~1) } = 4          
 DEVIANCE { pi(~1)p(~mixture)f0(~1) } = 53.760410               
 DEVIANCE Degrees of Freedom { pi(~1)p(~mixture)f0(~1) } = 7          
 c-hat { pi(~1)p(~mixture)f0(~1) } = 7.6800586               
 AIC { pi(~1)p(~mixture)f0(~1) } = -682.41250              
 AICc { pi(~1)p(~mixture)f0(~1) } = -682.35068              
 BIC { pi(~1)p(~mixture)f0(~1) } = -664.49232              
 Pearson Chisquare { pi(~1)p(~mixture)f0(~1) } = 601.40856               
 Possible Encounter Histories { pi(~1)p(~mixture)f0(~1) } = 15          
 Pearson Chisquare df { pi(~1)p(~mixture)f0(~1) } = 10          
 Pearson chat { pi(~1)p(~mixture)f0(~1) } = 60.140856               
 Sum(Observed/Expected) { pi(~1)p(~mixture)f0(~1) } = 53.654872               
 s-bar { pi(~1)p(~mixture)f0(~1) } = 2.7610623               
 Fletcher chat { pi(~1)p(~mixture)f0(~1) } = 15.990391               


          Parm-specific Link Function Parameters of { pi(~1)p(~mixture)f0(~1) }
                                                              95% Confidence Interval
    Parameter                  Beta         Standard Error     Lower           Upper
 -------------------------  --------------  --------------  --------------  --------------
    1:pi:(Intercept)        -1.7899765       3.1306655      -7.9260809       4.3461280    
    2:p:(Intercept)         -1.2358538       1.4149516      -4.0091590       1.5374514    
    3:p:mixture2            -1.5684580       1.6885579      -4.8780316       1.7411156    
    4:f0:(Intercept)         6.0818287       1.7148112       2.7207987       9.4428587    


                 Real Function Parameters of { pi(~1)p(~mixture)f0(~1) }
                                                               95% Confidence Interval
     Parameter                Estimate       Standard Error     Lower           Upper
 --------------------------  --------------  --------------  --------------  --------------
     1:pi g1 m1               0.1430756       0.3838352       0.3610688E-03   0.9872088             
     2:p g1 t1 m1             0.2251585       0.2468555       0.0178251       0.8230939             
     3:p g1 t1 m2             0.0570916       0.1432968       0.3281634E-03   0.9178168             
     4:f0 g1 a0 t1            437.82912       750.79429       44.106027       4346.2164             

Program  MARK  - Survival Rate Estimation with Capture-Recapture Data
 gfortran(dble/PIM2) Vers. 11.2 Nov 2025   2-Oct-2026 14:25:26    Page  004
 - - - - - - - - - - - - - - - - - - - - - - - - - - - - - - - - - - - - - -
 
                     Estimates of Derived Parameters

           Population Estimates of { pi(~1)p(~mixture)f0(~1) }
                                                95% Confidence Interval
 Grp. Sess.     N-hat        Standard Error      Lower           Upper
 ---- -----  --------------  --------------  --------------  --------------
   1     1    600.82912       750.79429       207.10603       4509.2164    

 To compute parameter estimates, CPU Time was 0.001 secs and System Time was 0.001 secs.

 For procedure estimate CPU Time was 0.078 secs and System Time was 0.047 secs.
 INPUT --- proc stop;

 For this job, CPU Time in mins was 0.002 and System Time in mins was 0.002.

     Time Start = 14:25:26.174   Time End = 14:25:26.281

 Wall Clock Time in mins for this job was 0.001.

 Maximum of 22 words used.


          E X E C U T I O N   S U C C E S S F U L
